// Jest Snapshot v1, https://goo.gl/fbAQLP

exports[`Pruebas con gif grid Items debe de mostrar el componente correctamente 1`] = `
<div
  className="card animate__animated animate__bounceInUps animate__delay-1s "
>
  <img
    alt="hola mundo"
    src="https://localhost/algo.jpg"
  />
  <p>
    hola mundo
  </p>
</div>
`;
